// Jest Snapshot v1, https://goo.gl/fbAQLP

exports[`Form after the text-input it should navigate to country-details page with input text 1`] = `ShallowWrapper {}`;
