// Jest Snapshot v1, https://goo.gl/fbAQLP

exports[`WeatherDetails component after mounting it should call api 1`] = `ShallowWrapper {}`;
